// Jest Snapshot v1, https://goo.gl/fbAQLP

exports[`renders correctly 1`] = `
<img
  className="sc-gKAaRy lNXoH"
  src="https://media.tenor.com/images/a742721ea2075bc3956a2ff62c9bfeef/tenor.gif"
/>
`;
